<html>
<body>
<pre>
<h1>µVision Build Log</h1>
<h2>Tool Versions:</h2>
IDE-Version: ¦ÌVision V5.35.0.0
Copyright (C) 2021 ARM Ltd and ARM Germany GmbH. All rights reserved.
License Information: Robert Mann, 12, LIC=LSNXV-P6B1Q-KP8ZY-I5TEK-UZXPX-WUWUM
 
Tool Versions:
Toolchain:       MDK-ARM Plus  Version: 5.35.0.2
Toolchain Path:  C:\Keil_v5\ARM\ARMCC\Bin
C Compiler:      Armcc.exe V5.06 update 7 (build 960)
Assembler:       Armasm.exe V5.06 update 7 (build 960)
Linker/Locator:  ArmLink.exe V5.06 update 7 (build 960)
Library Manager: ArmAr.exe V5.06 update 7 (build 960)
Hex Converter:   FromElf.exe V5.06 update 7 (build 960)
CPU DLL:         SARMCM3.DLL V5.35.0.2
Dialog DLL:      DCM.DLL V1.17.3.0
Target DLL:      CMSIS_AGDI.dll V1.33.0.0
Dialog DLL:      TCM.DLL V1.53.0.0
 
<h2>Project:</h2>
D:\code\STM32\Files\260130_EcoTank\MDK-ARM\260130_EcoTank.uvprojx
Project File Date:  04/15/2026

<h2>Output:</h2>
*** Using Compiler 'V5.06 update 7 (build 960)', folder: 'C:\Keil_v5\ARM\ARMCC\Bin'
Build target '260130_EcoTank'
compiling main.c...
../Core/Inc/App_USART_Redirect.h(21): warning:  #1-D: last line of file ends without a newline
  #endif /* __APP_USART_REDIRECT_H__ */
../Core/Inc/App_RTC.h(29): warning:  #1-D: last line of file ends without a newline
  #endif /* __APP_RTC_H__ */
../Core/Inc/App_UART_RX_Handler.h(42): warning:  #1-D: last line of file ends without a newline
  #endif /* __APP_UART_RX_HANDLER_H__ */
../Core/Inc/App_Blink.h(37): warning:  #1-D: last line of file ends without a newline
  #endif /* __APP_BLINK_H__ */
../Core/Inc/App_Simu_I2C.h(97): warning:  #1-D: last line of file ends without a newline
  #endif /* __APP_SIMU_I2C_H */
../Core/Inc/App_SHT40.h(105): warning:  #1-D: last line of file ends without a newline
  #endif /* __APP_SHT40_H__ */
../Core/Inc/App_SYS.h(55): warning:  #1-D: last line of file ends without a newline
  #endif /* __APP_SYS_H__ */
../Core/Src/main.c: 7 warnings, 0 errors
compiling App_SHT40.c...
../Core/Inc/App_Simu_I2C.h(97): warning:  #1-D: last line of file ends without a newline
  #endif /* __APP_SIMU_I2C_H */
../Core/Inc/App_SHT40.h(105): warning:  #1-D: last line of file ends without a newline
  #endif /* __APP_SHT40_H__ */
..\Core\Src\App_SHT40.c(235): warning:  #870-D: invalid multibyte character sequence
          printf("Temp:%.2fâ„? Humi:%.2f%%\r\n", dev->temperature, dev->humidity);
..\Core\Src\App_SHT40.c(249): warning:  #1-D: last line of file ends without a newline
  }
..\Core\Src\App_SHT40.c: 4 warnings, 0 errors
linking...
Program Size: Code=17864 RO-data=404 RW-data=44 ZI-data=1236  
FromELF: creating hex file...
"260130_EcoTank\260130_EcoTank.axf" - 0 Error(s), 11 Warning(s).

<h2>Software Packages used:</h2>

Package Vendor: ARM
                http://www.keil.com/pack/ARM.CMSIS.5.8.0.pack
                ARM.CMSIS.5.8.0
                CMSIS (Common Microcontroller Software Interface Standard)
   * Component: CORE Version: 5.5.0

Package Vendor: Keil
                https://www.keil.com/pack/Keil.STM32F1xx_DFP.2.4.1.pack
                Keil.STM32F1xx_DFP.2.4.1
                STMicroelectronics STM32F1 Series Device Support, Drivers and Examples

<h2>Collection of Component include folders:</h2>
  .\RTE\_260130_EcoTank
  C:\Users\25095\AppData\Local\Arm\Packs\ARM\CMSIS\5.8.0\CMSIS\Core\Include
  C:\Users\25095\AppData\Local\Arm\Packs\Keil\STM32F1xx_DFP\2.4.1\Device\Include

<h2>Collection of Component Files used:</h2>

   * Component: ARM::CMSIS:CORE:5.5.0
      Include file:  CMSIS\Core\Include\tz_context.h
Build Time Elapsed:  00:00:02
</pre>
</body>
</html>
